// Jest Snapshot v1, https://goo.gl/fbAQLP

exports[`тестирование возможности добавить клиента в MobileCompany 1`] = `
<div
  className="MobileCompany"
>
  <div
    className="MobileCompanyName"
  >
    Компания «
    »
  </div>
  <input
    onClick={[Function]}
    type="button"
    value="Все"
  />
  <input
    onClick={[Function]}
    type="button"
    value="Активные"
  />
  <input
    onClick={[Function]}
    type="button"
    value="Заблокированные"
  />
  <table
    className="Table"
  >
    <thead
      className=""
    >
      <tr
        className="Head"
      >
        <th
          className="cell"
        >
          Фамилия
        </th>
        <th
          className="cell"
        >
          Имя
        </th>
        <th
          className="cell"
        >
          Отчество
        </th>
        <th
          className="cell"
        >
          Баланс
        </th>
        <th
          className="cell"
        >
          Статус
        </th>
        <th
          className="cell"
        >
          Редактировать
        </th>
        <th
          className="cell"
        >
          Удалить
        </th>
      </tr>
    </thead>
    <tbody
      className="TableBody"
    >
      <tr
        className="NewTray"
      >
        <td
          className="cell"
        >
          Иванов
        </td>
        <td
          className="cell"
        >
          Иван
        </td>
        <td
          className="cell"
        >
          Иванович
        </td>
        <td
          className="cell"
        >
          200
        </td>
        <td
          className="cell MobileClientBalanceActive"
        >
          active
        </td>
        <td
          className="cell btn"
        >
          <input
            onClick={[Function]}
            type="button"
            value="Редактировать"
          />
        </td>
        <td
          className="cell btn"
        >
          <input
            onClick={[Function]}
            type="button"
            value="Удалить"
          />
        </td>
      </tr>
      <tr
        className="NewTray"
      >
        <td
          className="cell"
        >
          Сидоров
        </td>
        <td
          className="cell"
        >
          Сидор
        </td>
        <td
          className="cell"
        >
          Сидорович
        </td>
        <td
          className="cell"
        >
          250
        </td>
        <td
          className="cell MobileClientBalanceActive"
        >
          active
        </td>
        <td
          className="cell btn"
        >
          <input
            onClick={[Function]}
            type="button"
            value="Редактировать"
          />
        </td>
        <td
          className="cell btn"
        >
          <input
            onClick={[Function]}
            type="button"
            value="Удалить"
          />
        </td>
      </tr>
      <tr
        className="NewTray"
      >
        <td
          className="cell"
        >
          Андреев
        </td>
        <td
          className="cell"
        >
          Андрей
        </td>
        <td
          className="cell"
        >
          Андреевич
        </td>
        <td
          className="cell"
        >
          -50
        </td>
        <td
          className="cell MobileClientBalanceBlocked"
        >
          blocked
        </td>
        <td
          className="cell btn"
        >
          <input
            onClick={[Function]}
            type="button"
            value="Редактировать"
          />
        </td>
        <td
          className="cell btn"
        >
          <input
            onClick={[Function]}
            type="button"
            value="Удалить"
          />
        </td>
      </tr>
      <tr
        className="NewTray"
      >
        <td
          className="cell"
        >
          Петров
        </td>
        <td
          className="cell"
        >
          Пётр
        </td>
        <td
          className="cell"
        >
          Петрович
        </td>
        <td
          className="cell"
        >
          180
        </td>
        <td
          className="cell MobileClientBalanceActive"
        >
          active
        </td>
        <td
          className="cell btn"
        >
          <input
            onClick={[Function]}
            type="button"
            value="Редактировать"
          />
        </td>
        <td
          className="cell btn"
        >
          <input
            onClick={[Function]}
            type="button"
            value="Удалить"
          />
        </td>
      </tr>
      <tr
        className="NewTray"
      >
        <td
          className="cell"
        >
          Григорьев
        </td>
        <td
          className="cell"
        >
          Григорий
        </td>
        <td
          className="cell"
        >
          Григорьевич
        </td>
        <td
          className="cell"
        >
          -220
        </td>
        <td
          className="cell MobileClientBalanceBlocked"
        >
          blocked
        </td>
        <td
          className="cell btn"
        >
          <input
            onClick={[Function]}
            type="button"
            value="Редактировать"
          />
        </td>
        <td
          className="cell btn"
        >
          <input
            onClick={[Function]}
            type="button"
            value="Удалить"
          />
        </td>
      </tr>
    </tbody>
  </table>
  <input
    className="New"
    onClick={[Function]}
    type="button"
    value="Добавить клиента"
  />
</div>
`;

exports[`тестирование возможности добавить клиента в MobileCompany 2`] = `
<div
  className="MobileCompany"
>
  <div
    className="MobileCompanyName"
  >
    Компания «
    »
  </div>
  <input
    onClick={[Function]}
    type="button"
    value="Все"
  />
  <input
    onClick={[Function]}
    type="button"
    value="Активные"
  />
  <input
    onClick={[Function]}
    type="button"
    value="Заблокированные"
  />
  <table
    className="Table"
  >
    <thead
      className=""
    >
      <tr
        className="Head"
      >
        <th
          className="cell"
        >
          Фамилия
        </th>
        <th
          className="cell"
        >
          Имя
        </th>
        <th
          className="cell"
        >
          Отчество
        </th>
        <th
          className="cell"
        >
          Баланс
        </th>
        <th
          className="cell"
        >
          Статус
        </th>
        <th
          className="cell"
        >
          Редактировать
        </th>
        <th
          className="cell"
        >
          Удалить
        </th>
      </tr>
    </thead>
    <tbody
      className="TableBody"
    >
      <tr
        className="NewTray"
      >
        <td
          className="cell"
        >
          Иванов
        </td>
        <td
          className="cell"
        >
          Иван
        </td>
        <td
          className="cell"
        >
          Иванович
        </td>
        <td
          className="cell"
        >
          200
        </td>
        <td
          className="cell MobileClientBalanceActive"
        >
          active
        </td>
        <td
          className="cell btn"
        >
          <input
            onClick={[Function]}
            type="button"
            value="Редактировать"
          />
        </td>
        <td
          className="cell btn"
        >
          <input
            onClick={[Function]}
            type="button"
            value="Удалить"
          />
        </td>
      </tr>
      <tr
        className="NewTray"
      >
        <td
          className="cell"
        >
          Сидоров
        </td>
        <td
          className="cell"
        >
          Сидор
        </td>
        <td
          className="cell"
        >
          Сидорович
        </td>
        <td
          className="cell"
        >
          250
        </td>
        <td
          className="cell MobileClientBalanceActive"
        >
          active
        </td>
        <td
          className="cell btn"
        >
          <input
            onClick={[Function]}
            type="button"
            value="Редактировать"
          />
        </td>
        <td
          className="cell btn"
        >
          <input
            onClick={[Function]}
            type="button"
            value="Удалить"
          />
        </td>
      </tr>
      <tr
        className="NewTray"
      >
        <td
          className="cell"
        >
          Андреев
        </td>
        <td
          className="cell"
        >
          Андрей
        </td>
        <td
          className="cell"
        >
          Андреевич
        </td>
        <td
          className="cell"
        >
          -50
        </td>
        <td
          className="cell MobileClientBalanceBlocked"
        >
          blocked
        </td>
        <td
          className="cell btn"
        >
          <input
            onClick={[Function]}
            type="button"
            value="Редактировать"
          />
        </td>
        <td
          className="cell btn"
        >
          <input
            onClick={[Function]}
            type="button"
            value="Удалить"
          />
        </td>
      </tr>
      <tr
        className="NewTray"
      >
        <td
          className="cell"
        >
          Петров
        </td>
        <td
          className="cell"
        >
          Пётр
        </td>
        <td
          className="cell"
        >
          Петрович
        </td>
        <td
          className="cell"
        >
          180
        </td>
        <td
          className="cell MobileClientBalanceActive"
        >
          active
        </td>
        <td
          className="cell btn"
        >
          <input
            onClick={[Function]}
            type="button"
            value="Редактировать"
          />
        </td>
        <td
          className="cell btn"
        >
          <input
            onClick={[Function]}
            type="button"
            value="Удалить"
          />
        </td>
      </tr>
      <tr
        className="NewTray"
      >
        <td
          className="cell"
        >
          Григорьев
        </td>
        <td
          className="cell"
        >
          Григорий
        </td>
        <td
          className="cell"
        >
          Григорьевич
        </td>
        <td
          className="cell"
        >
          -220
        </td>
        <td
          className="cell MobileClientBalanceBlocked"
        >
          blocked
        </td>
        <td
          className="cell btn"
        >
          <input
            onClick={[Function]}
            type="button"
            value="Редактировать"
          />
        </td>
        <td
          className="cell btn"
        >
          <input
            onClick={[Function]}
            type="button"
            value="Удалить"
          />
        </td>
      </tr>
    </tbody>
  </table>
  <input
    className="New"
    onClick={[Function]}
    type="button"
    value="Добавить клиента"
  />
  <div>
    <div
      className="ClientCard"
    >
      <p
        className="Title"
      >
        Добавление нового клиента:
      </p>
      <p
        className=""
      >
        ID клиента: 
        121
      </p>
      <div>
        <label>
          <span>
            Фамилия:
          </span>
          <input
            defaultValue=""
            name=""
            type="text"
          />
        </label>
      </div>
      <div>
        <label>
          <span>
            Имя:
          </span>
          <input
            defaultValue=""
            name=""
            type="text"
          />
        </label>
      </div>
      <div>
        <label>
          <span>
            Отчество:
          </span>
          <input
            defaultValue=""
            name=""
            type="text"
          />
        </label>
      </div>
      <div>
        <label>
          <span>
            Баланс:
          </span>
          <input
            defaultValue={0}
            name=""
            type="text"
          />
        </label>
      </div>
      <input
        name=""
        onClick={[Function]}
        type="button"
        value="Сохранить"
      />
      <input
        name=""
        onClick={[Function]}
        type="button"
        value="Отмена"
      />
    </div>
  </div>
</div>
`;

exports[`тестирование возможности редактировать клиента в MobileCompany 1`] = `
<div
  className="MobileCompany"
>
  <div
    className="MobileCompanyName"
  >
    Компания «
    »
  </div>
  <input
    onClick={[Function]}
    type="button"
    value="Все"
  />
  <input
    onClick={[Function]}
    type="button"
    value="Активные"
  />
  <input
    onClick={[Function]}
    type="button"
    value="Заблокированные"
  />
  <table
    className="Table"
  >
    <thead
      className=""
    >
      <tr
        className="Head"
      >
        <th
          className="cell"
        >
          Фамилия
        </th>
        <th
          className="cell"
        >
          Имя
        </th>
        <th
          className="cell"
        >
          Отчество
        </th>
        <th
          className="cell"
        >
          Баланс
        </th>
        <th
          className="cell"
        >
          Статус
        </th>
        <th
          className="cell"
        >
          Редактировать
        </th>
        <th
          className="cell"
        >
          Удалить
        </th>
      </tr>
    </thead>
    <tbody
      className="TableBody"
    >
      <tr
        className="NewTray"
      >
        <td
          className="cell"
        >
          Иванов
        </td>
        <td
          className="cell"
        >
          Иван
        </td>
        <td
          className="cell"
        >
          Иванович
        </td>
        <td
          className="cell"
        >
          200
        </td>
        <td
          className="cell MobileClientBalanceActive"
        >
          active
        </td>
        <td
          className="cell btn"
        >
          <input
            onClick={[Function]}
            type="button"
            value="Редактировать"
          />
        </td>
        <td
          className="cell btn"
        >
          <input
            onClick={[Function]}
            type="button"
            value="Удалить"
          />
        </td>
      </tr>
      <tr
        className="NewTray"
      >
        <td
          className="cell"
        >
          Сидоров
        </td>
        <td
          className="cell"
        >
          Сидор
        </td>
        <td
          className="cell"
        >
          Сидорович
        </td>
        <td
          className="cell"
        >
          250
        </td>
        <td
          className="cell MobileClientBalanceActive"
        >
          active
        </td>
        <td
          className="cell btn"
        >
          <input
            onClick={[Function]}
            type="button"
            value="Редактировать"
          />
        </td>
        <td
          className="cell btn"
        >
          <input
            onClick={[Function]}
            type="button"
            value="Удалить"
          />
        </td>
      </tr>
      <tr
        className="NewTray"
      >
        <td
          className="cell"
        >
          Андреев
        </td>
        <td
          className="cell"
        >
          Андрей
        </td>
        <td
          className="cell"
        >
          Андреевич
        </td>
        <td
          className="cell"
        >
          -50
        </td>
        <td
          className="cell MobileClientBalanceBlocked"
        >
          blocked
        </td>
        <td
          className="cell btn"
        >
          <input
            onClick={[Function]}
            type="button"
            value="Редактировать"
          />
        </td>
        <td
          className="cell btn"
        >
          <input
            onClick={[Function]}
            type="button"
            value="Удалить"
          />
        </td>
      </tr>
      <tr
        className="NewTray"
      >
        <td
          className="cell"
        >
          Петров
        </td>
        <td
          className="cell"
        >
          Пётр
        </td>
        <td
          className="cell"
        >
          Петрович
        </td>
        <td
          className="cell"
        >
          180
        </td>
        <td
          className="cell MobileClientBalanceActive"
        >
          active
        </td>
        <td
          className="cell btn"
        >
          <input
            onClick={[Function]}
            type="button"
            value="Редактировать"
          />
        </td>
        <td
          className="cell btn"
        >
          <input
            onClick={[Function]}
            type="button"
            value="Удалить"
          />
        </td>
      </tr>
      <tr
        className="NewTray"
      >
        <td
          className="cell"
        >
          Григорьев
        </td>
        <td
          className="cell"
        >
          Григорий
        </td>
        <td
          className="cell"
        >
          Григорьевич
        </td>
        <td
          className="cell"
        >
          -220
        </td>
        <td
          className="cell MobileClientBalanceBlocked"
        >
          blocked
        </td>
        <td
          className="cell btn"
        >
          <input
            onClick={[Function]}
            type="button"
            value="Редактировать"
          />
        </td>
        <td
          className="cell btn"
        >
          <input
            onClick={[Function]}
            type="button"
            value="Удалить"
          />
        </td>
      </tr>
    </tbody>
  </table>
  <input
    className="New"
    onClick={[Function]}
    type="button"
    value="Добавить клиента"
  />
</div>
`;

exports[`тестирование возможности редактировать клиента в MobileCompany 2`] = `
<div
  className="MobileCompany"
>
  <div
    className="MobileCompanyName"
  >
    Компания «
    »
  </div>
  <input
    onClick={[Function]}
    type="button"
    value="Все"
  />
  <input
    onClick={[Function]}
    type="button"
    value="Активные"
  />
  <input
    onClick={[Function]}
    type="button"
    value="Заблокированные"
  />
  <table
    className="Table"
  >
    <thead
      className=""
    >
      <tr
        className="Head"
      >
        <th
          className="cell"
        >
          Фамилия
        </th>
        <th
          className="cell"
        >
          Имя
        </th>
        <th
          className="cell"
        >
          Отчество
        </th>
        <th
          className="cell"
        >
          Баланс
        </th>
        <th
          className="cell"
        >
          Статус
        </th>
        <th
          className="cell"
        >
          Редактировать
        </th>
        <th
          className="cell"
        >
          Удалить
        </th>
      </tr>
    </thead>
    <tbody
      className="TableBody"
    >
      <tr
        className="NewTray"
      >
        <td
          className="cell"
        >
          Иванов
        </td>
        <td
          className="cell"
        >
          Иван
        </td>
        <td
          className="cell"
        >
          Иванович
        </td>
        <td
          className="cell"
        >
          200
        </td>
        <td
          className="cell MobileClientBalanceActive"
        >
          active
        </td>
        <td
          className="cell btn"
        >
          <input
            onClick={[Function]}
            type="button"
            value="Редактировать"
          />
        </td>
        <td
          className="cell btn"
        >
          <input
            onClick={[Function]}
            type="button"
            value="Удалить"
          />
        </td>
      </tr>
      <tr
        className="NewTray"
      >
        <td
          className="cell"
        >
          Сидоров
        </td>
        <td
          className="cell"
        >
          Сидор
        </td>
        <td
          className="cell"
        >
          Сидорович
        </td>
        <td
          className="cell"
        >
          250
        </td>
        <td
          className="cell MobileClientBalanceActive"
        >
          active
        </td>
        <td
          className="cell btn"
        >
          <input
            onClick={[Function]}
            type="button"
            value="Редактировать"
          />
        </td>
        <td
          className="cell btn"
        >
          <input
            onClick={[Function]}
            type="button"
            value="Удалить"
          />
        </td>
      </tr>
      <tr
        className="NewTray"
      >
        <td
          className="cell"
        >
          Андреев
        </td>
        <td
          className="cell"
        >
          Андрей
        </td>
        <td
          className="cell"
        >
          Андреевич
        </td>
        <td
          className="cell"
        >
          -50
        </td>
        <td
          className="cell MobileClientBalanceBlocked"
        >
          blocked
        </td>
        <td
          className="cell btn"
        >
          <input
            onClick={[Function]}
            type="button"
            value="Редактировать"
          />
        </td>
        <td
          className="cell btn"
        >
          <input
            onClick={[Function]}
            type="button"
            value="Удалить"
          />
        </td>
      </tr>
      <tr
        className="NewTray"
      >
        <td
          className="cell"
        >
          Петров
        </td>
        <td
          className="cell"
        >
          Пётр
        </td>
        <td
          className="cell"
        >
          Петрович
        </td>
        <td
          className="cell"
        >
          -180
        </td>
        <td
          className="cell MobileClientBalanceBlocked"
        >
          blocked
        </td>
        <td
          className="cell btn"
        >
          <input
            onClick={[Function]}
            type="button"
            value="Редактировать"
          />
        </td>
        <td
          className="cell btn"
        >
          <input
            onClick={[Function]}
            type="button"
            value="Удалить"
          />
        </td>
      </tr>
      <tr
        className="NewTray"
      >
        <td
          className="cell"
        >
          Григорьев
        </td>
        <td
          className="cell"
        >
          Григорий
        </td>
        <td
          className="cell"
        >
          Григорьевич
        </td>
        <td
          className="cell"
        >
          -220
        </td>
        <td
          className="cell MobileClientBalanceBlocked"
        >
          blocked
        </td>
        <td
          className="cell btn"
        >
          <input
            onClick={[Function]}
            type="button"
            value="Редактировать"
          />
        </td>
        <td
          className="cell btn"
        >
          <input
            onClick={[Function]}
            type="button"
            value="Удалить"
          />
        </td>
      </tr>
    </tbody>
  </table>
  <input
    className="New"
    onClick={[Function]}
    type="button"
    value="Добавить клиента"
  />
</div>
`;

exports[`тестирование возможности удалить клиента в MobileCompany 1`] = `
<div
  className="MobileCompany"
>
  <div
    className="MobileCompanyName"
  >
    Компания «
    »
  </div>
  <input
    onClick={[Function]}
    type="button"
    value="Все"
  />
  <input
    onClick={[Function]}
    type="button"
    value="Активные"
  />
  <input
    onClick={[Function]}
    type="button"
    value="Заблокированные"
  />
  <table
    className="Table"
  >
    <thead
      className=""
    >
      <tr
        className="Head"
      >
        <th
          className="cell"
        >
          Фамилия
        </th>
        <th
          className="cell"
        >
          Имя
        </th>
        <th
          className="cell"
        >
          Отчество
        </th>
        <th
          className="cell"
        >
          Баланс
        </th>
        <th
          className="cell"
        >
          Статус
        </th>
        <th
          className="cell"
        >
          Редактировать
        </th>
        <th
          className="cell"
        >
          Удалить
        </th>
      </tr>
    </thead>
    <tbody
      className="TableBody"
    >
      <tr
        className="NewTray"
      >
        <td
          className="cell"
        >
          Иванов
        </td>
        <td
          className="cell"
        >
          Иван
        </td>
        <td
          className="cell"
        >
          Иванович
        </td>
        <td
          className="cell"
        >
          200
        </td>
        <td
          className="cell MobileClientBalanceActive"
        >
          active
        </td>
        <td
          className="cell btn"
        >
          <input
            onClick={[Function]}
            type="button"
            value="Редактировать"
          />
        </td>
        <td
          className="cell btn"
        >
          <input
            onClick={[Function]}
            type="button"
            value="Удалить"
          />
        </td>
      </tr>
      <tr
        className="NewTray"
      >
        <td
          className="cell"
        >
          Сидоров
        </td>
        <td
          className="cell"
        >
          Сидор
        </td>
        <td
          className="cell"
        >
          Сидорович
        </td>
        <td
          className="cell"
        >
          250
        </td>
        <td
          className="cell MobileClientBalanceActive"
        >
          active
        </td>
        <td
          className="cell btn"
        >
          <input
            onClick={[Function]}
            type="button"
            value="Редактировать"
          />
        </td>
        <td
          className="cell btn"
        >
          <input
            onClick={[Function]}
            type="button"
            value="Удалить"
          />
        </td>
      </tr>
      <tr
        className="NewTray"
      >
        <td
          className="cell"
        >
          Андреев
        </td>
        <td
          className="cell"
        >
          Андрей
        </td>
        <td
          className="cell"
        >
          Андреевич
        </td>
        <td
          className="cell"
        >
          -50
        </td>
        <td
          className="cell MobileClientBalanceBlocked"
        >
          blocked
        </td>
        <td
          className="cell btn"
        >
          <input
            onClick={[Function]}
            type="button"
            value="Редактировать"
          />
        </td>
        <td
          className="cell btn"
        >
          <input
            onClick={[Function]}
            type="button"
            value="Удалить"
          />
        </td>
      </tr>
      <tr
        className="NewTray"
      >
        <td
          className="cell"
        >
          Петров
        </td>
        <td
          className="cell"
        >
          Пётр
        </td>
        <td
          className="cell"
        >
          Петрович
        </td>
        <td
          className="cell"
        >
          180
        </td>
        <td
          className="cell MobileClientBalanceActive"
        >
          active
        </td>
        <td
          className="cell btn"
        >
          <input
            onClick={[Function]}
            type="button"
            value="Редактировать"
          />
        </td>
        <td
          className="cell btn"
        >
          <input
            onClick={[Function]}
            type="button"
            value="Удалить"
          />
        </td>
      </tr>
      <tr
        className="NewTray"
      >
        <td
          className="cell"
        >
          Григорьев
        </td>
        <td
          className="cell"
        >
          Григорий
        </td>
        <td
          className="cell"
        >
          Григорьевич
        </td>
        <td
          className="cell"
        >
          -220
        </td>
        <td
          className="cell MobileClientBalanceBlocked"
        >
          blocked
        </td>
        <td
          className="cell btn"
        >
          <input
            onClick={[Function]}
            type="button"
            value="Редактировать"
          />
        </td>
        <td
          className="cell btn"
        >
          <input
            onClick={[Function]}
            type="button"
            value="Удалить"
          />
        </td>
      </tr>
    </tbody>
  </table>
  <input
    className="New"
    onClick={[Function]}
    type="button"
    value="Добавить клиента"
  />
</div>
`;

exports[`тестирование возможности удалить клиента в MobileCompany 2`] = `
<div
  className="MobileCompany"
>
  <div
    className="MobileCompanyName"
  >
    Компания «
    »
  </div>
  <input
    onClick={[Function]}
    type="button"
    value="Все"
  />
  <input
    onClick={[Function]}
    type="button"
    value="Активные"
  />
  <input
    onClick={[Function]}
    type="button"
    value="Заблокированные"
  />
  <table
    className="Table"
  >
    <thead
      className=""
    >
      <tr
        className="Head"
      >
        <th
          className="cell"
        >
          Фамилия
        </th>
        <th
          className="cell"
        >
          Имя
        </th>
        <th
          className="cell"
        >
          Отчество
        </th>
        <th
          className="cell"
        >
          Баланс
        </th>
        <th
          className="cell"
        >
          Статус
        </th>
        <th
          className="cell"
        >
          Редактировать
        </th>
        <th
          className="cell"
        >
          Удалить
        </th>
      </tr>
    </thead>
    <tbody
      className="TableBody"
    >
      <tr
        className="NewTray"
      >
        <td
          className="cell"
        >
          Иванов
        </td>
        <td
          className="cell"
        >
          Иван
        </td>
        <td
          className="cell"
        >
          Иванович
        </td>
        <td
          className="cell"
        >
          200
        </td>
        <td
          className="cell MobileClientBalanceActive"
        >
          active
        </td>
        <td
          className="cell btn"
        >
          <input
            onClick={[Function]}
            type="button"
            value="Редактировать"
          />
        </td>
        <td
          className="cell btn"
        >
          <input
            onClick={[Function]}
            type="button"
            value="Удалить"
          />
        </td>
      </tr>
      <tr
        className="NewTray"
      >
        <td
          className="cell"
        >
          Сидоров
        </td>
        <td
          className="cell"
        >
          Сидор
        </td>
        <td
          className="cell"
        >
          Сидорович
        </td>
        <td
          className="cell"
        >
          250
        </td>
        <td
          className="cell MobileClientBalanceActive"
        >
          active
        </td>
        <td
          className="cell btn"
        >
          <input
            onClick={[Function]}
            type="button"
            value="Редактировать"
          />
        </td>
        <td
          className="cell btn"
        >
          <input
            onClick={[Function]}
            type="button"
            value="Удалить"
          />
        </td>
      </tr>
      <tr
        className="NewTray"
      >
        <td
          className="cell"
        >
          Петров
        </td>
        <td
          className="cell"
        >
          Пётр
        </td>
        <td
          className="cell"
        >
          Петрович
        </td>
        <td
          className="cell"
        >
          180
        </td>
        <td
          className="cell MobileClientBalanceActive"
        >
          active
        </td>
        <td
          className="cell btn"
        >
          <input
            onClick={[Function]}
            type="button"
            value="Редактировать"
          />
        </td>
        <td
          className="cell btn"
        >
          <input
            onClick={[Function]}
            type="button"
            value="Удалить"
          />
        </td>
      </tr>
      <tr
        className="NewTray"
      >
        <td
          className="cell"
        >
          Григорьев
        </td>
        <td
          className="cell"
        >
          Григорий
        </td>
        <td
          className="cell"
        >
          Григорьевич
        </td>
        <td
          className="cell"
        >
          -220
        </td>
        <td
          className="cell MobileClientBalanceBlocked"
        >
          blocked
        </td>
        <td
          className="cell btn"
        >
          <input
            onClick={[Function]}
            type="button"
            value="Редактировать"
          />
        </td>
        <td
          className="cell btn"
        >
          <input
            onClick={[Function]}
            type="button"
            value="Удалить"
          />
        </td>
      </tr>
    </tbody>
  </table>
  <input
    className="New"
    onClick={[Function]}
    type="button"
    value="Добавить клиента"
  />
</div>
`;

exports[`тестирование фильтрации клиентов в MobileCompany 1`] = `
<div
  className="MobileCompany"
>
  <div
    className="MobileCompanyName"
  >
    Компания «
    »
  </div>
  <input
    onClick={[Function]}
    type="button"
    value="Все"
  />
  <input
    onClick={[Function]}
    type="button"
    value="Активные"
  />
  <input
    onClick={[Function]}
    type="button"
    value="Заблокированные"
  />
  <table
    className="Table"
  >
    <thead
      className=""
    >
      <tr
        className="Head"
      >
        <th
          className="cell"
        >
          Фамилия
        </th>
        <th
          className="cell"
        >
          Имя
        </th>
        <th
          className="cell"
        >
          Отчество
        </th>
        <th
          className="cell"
        >
          Баланс
        </th>
        <th
          className="cell"
        >
          Статус
        </th>
        <th
          className="cell"
        >
          Редактировать
        </th>
        <th
          className="cell"
        >
          Удалить
        </th>
      </tr>
    </thead>
    <tbody
      className="TableBody"
    >
      <tr
        className="NewTray"
      >
        <td
          className="cell"
        >
          Иванов
        </td>
        <td
          className="cell"
        >
          Иван
        </td>
        <td
          className="cell"
        >
          Иванович
        </td>
        <td
          className="cell"
        >
          200
        </td>
        <td
          className="cell MobileClientBalanceActive"
        >
          active
        </td>
        <td
          className="cell btn"
        >
          <input
            onClick={[Function]}
            type="button"
            value="Редактировать"
          />
        </td>
        <td
          className="cell btn"
        >
          <input
            onClick={[Function]}
            type="button"
            value="Удалить"
          />
        </td>
      </tr>
      <tr
        className="NewTray"
      >
        <td
          className="cell"
        >
          Сидоров
        </td>
        <td
          className="cell"
        >
          Сидор
        </td>
        <td
          className="cell"
        >
          Сидорович
        </td>
        <td
          className="cell"
        >
          250
        </td>
        <td
          className="cell MobileClientBalanceActive"
        >
          active
        </td>
        <td
          className="cell btn"
        >
          <input
            onClick={[Function]}
            type="button"
            value="Редактировать"
          />
        </td>
        <td
          className="cell btn"
        >
          <input
            onClick={[Function]}
            type="button"
            value="Удалить"
          />
        </td>
      </tr>
      <tr
        className="NewTray"
      >
        <td
          className="cell"
        >
          Андреев
        </td>
        <td
          className="cell"
        >
          Андрей
        </td>
        <td
          className="cell"
        >
          Андреевич
        </td>
        <td
          className="cell"
        >
          -50
        </td>
        <td
          className="cell MobileClientBalanceBlocked"
        >
          blocked
        </td>
        <td
          className="cell btn"
        >
          <input
            onClick={[Function]}
            type="button"
            value="Редактировать"
          />
        </td>
        <td
          className="cell btn"
        >
          <input
            onClick={[Function]}
            type="button"
            value="Удалить"
          />
        </td>
      </tr>
      <tr
        className="NewTray"
      >
        <td
          className="cell"
        >
          Петров
        </td>
        <td
          className="cell"
        >
          Пётр
        </td>
        <td
          className="cell"
        >
          Петрович
        </td>
        <td
          className="cell"
        >
          180
        </td>
        <td
          className="cell MobileClientBalanceActive"
        >
          active
        </td>
        <td
          className="cell btn"
        >
          <input
            onClick={[Function]}
            type="button"
            value="Редактировать"
          />
        </td>
        <td
          className="cell btn"
        >
          <input
            onClick={[Function]}
            type="button"
            value="Удалить"
          />
        </td>
      </tr>
      <tr
        className="NewTray"
      >
        <td
          className="cell"
        >
          Григорьев
        </td>
        <td
          className="cell"
        >
          Григорий
        </td>
        <td
          className="cell"
        >
          Григорьевич
        </td>
        <td
          className="cell"
        >
          -220
        </td>
        <td
          className="cell MobileClientBalanceBlocked"
        >
          blocked
        </td>
        <td
          className="cell btn"
        >
          <input
            onClick={[Function]}
            type="button"
            value="Редактировать"
          />
        </td>
        <td
          className="cell btn"
        >
          <input
            onClick={[Function]}
            type="button"
            value="Удалить"
          />
        </td>
      </tr>
    </tbody>
  </table>
  <input
    className="New"
    onClick={[Function]}
    type="button"
    value="Добавить клиента"
  />
</div>
`;

exports[`тестирование фильтрации клиентов в MobileCompany 2`] = `
<div
  className="MobileCompany"
>
  <div
    className="MobileCompanyName"
  >
    Компания «
    »
  </div>
  <input
    onClick={[Function]}
    type="button"
    value="Все"
  />
  <input
    onClick={[Function]}
    type="button"
    value="Активные"
  />
  <input
    onClick={[Function]}
    type="button"
    value="Заблокированные"
  />
  <table
    className="Table"
  >
    <thead
      className=""
    >
      <tr
        className="Head"
      >
        <th
          className="cell"
        >
          Фамилия
        </th>
        <th
          className="cell"
        >
          Имя
        </th>
        <th
          className="cell"
        >
          Отчество
        </th>
        <th
          className="cell"
        >
          Баланс
        </th>
        <th
          className="cell"
        >
          Статус
        </th>
        <th
          className="cell"
        >
          Редактировать
        </th>
        <th
          className="cell"
        >
          Удалить
        </th>
      </tr>
    </thead>
    <tbody
      className="TableBody"
    >
      <tr
        className="NewTray"
      >
        <td
          className="cell"
        >
          Иванов
        </td>
        <td
          className="cell"
        >
          Иван
        </td>
        <td
          className="cell"
        >
          Иванович
        </td>
        <td
          className="cell"
        >
          200
        </td>
        <td
          className="cell MobileClientBalanceActive"
        >
          active
        </td>
        <td
          className="cell btn"
        >
          <input
            onClick={[Function]}
            type="button"
            value="Редактировать"
          />
        </td>
        <td
          className="cell btn"
        >
          <input
            onClick={[Function]}
            type="button"
            value="Удалить"
          />
        </td>
      </tr>
      <tr
        className="NewTray"
      >
        <td
          className="cell"
        >
          Сидоров
        </td>
        <td
          className="cell"
        >
          Сидор
        </td>
        <td
          className="cell"
        >
          Сидорович
        </td>
        <td
          className="cell"
        >
          250
        </td>
        <td
          className="cell MobileClientBalanceActive"
        >
          active
        </td>
        <td
          className="cell btn"
        >
          <input
            onClick={[Function]}
            type="button"
            value="Редактировать"
          />
        </td>
        <td
          className="cell btn"
        >
          <input
            onClick={[Function]}
            type="button"
            value="Удалить"
          />
        </td>
      </tr>
      <tr
        className="NewTray"
      >
        <td
          className="cell"
        >
          Андреев
        </td>
        <td
          className="cell"
        >
          Андрей
        </td>
        <td
          className="cell"
        >
          Андреевич
        </td>
        <td
          className="cell"
        >
          -50
        </td>
        <td
          className="cell MobileClientBalanceBlocked"
        >
          blocked
        </td>
        <td
          className="cell btn"
        >
          <input
            onClick={[Function]}
            type="button"
            value="Редактировать"
          />
        </td>
        <td
          className="cell btn"
        >
          <input
            onClick={[Function]}
            type="button"
            value="Удалить"
          />
        </td>
      </tr>
      <tr
        className="NewTray"
      >
        <td
          className="cell"
        >
          Петров
        </td>
        <td
          className="cell"
        >
          Пётр
        </td>
        <td
          className="cell"
        >
          Петрович
        </td>
        <td
          className="cell"
        >
          180
        </td>
        <td
          className="cell MobileClientBalanceActive"
        >
          active
        </td>
        <td
          className="cell btn"
        >
          <input
            onClick={[Function]}
            type="button"
            value="Редактировать"
          />
        </td>
        <td
          className="cell btn"
        >
          <input
            onClick={[Function]}
            type="button"
            value="Удалить"
          />
        </td>
      </tr>
      <tr
        className="NewTray"
      >
        <td
          className="cell"
        >
          Григорьев
        </td>
        <td
          className="cell"
        >
          Григорий
        </td>
        <td
          className="cell"
        >
          Григорьевич
        </td>
        <td
          className="cell"
        >
          -220
        </td>
        <td
          className="cell MobileClientBalanceBlocked"
        >
          blocked
        </td>
        <td
          className="cell btn"
        >
          <input
            onClick={[Function]}
            type="button"
            value="Редактировать"
          />
        </td>
        <td
          className="cell btn"
        >
          <input
            onClick={[Function]}
            type="button"
            value="Удалить"
          />
        </td>
      </tr>
    </tbody>
  </table>
  <input
    className="New"
    onClick={[Function]}
    type="button"
    value="Добавить клиента"
  />
</div>
`;

exports[`тестирование фильтрации клиентов в MobileCompany 3`] = `
<div
  className="MobileCompany"
>
  <div
    className="MobileCompanyName"
  >
    Компания «
    »
  </div>
  <input
    onClick={[Function]}
    type="button"
    value="Все"
  />
  <input
    onClick={[Function]}
    type="button"
    value="Активные"
  />
  <input
    onClick={[Function]}
    type="button"
    value="Заблокированные"
  />
  <table
    className="Table"
  >
    <thead
      className=""
    >
      <tr
        className="Head"
      >
        <th
          className="cell"
        >
          Фамилия
        </th>
        <th
          className="cell"
        >
          Имя
        </th>
        <th
          className="cell"
        >
          Отчество
        </th>
        <th
          className="cell"
        >
          Баланс
        </th>
        <th
          className="cell"
        >
          Статус
        </th>
        <th
          className="cell"
        >
          Редактировать
        </th>
        <th
          className="cell"
        >
          Удалить
        </th>
      </tr>
    </thead>
    <tbody
      className="TableBody"
    >
      <tr
        className="NewTray"
      >
        <td
          className="cell"
        >
          Иванов
        </td>
        <td
          className="cell"
        >
          Иван
        </td>
        <td
          className="cell"
        >
          Иванович
        </td>
        <td
          className="cell"
        >
          200
        </td>
        <td
          className="cell MobileClientBalanceActive"
        >
          active
        </td>
        <td
          className="cell btn"
        >
          <input
            onClick={[Function]}
            type="button"
            value="Редактировать"
          />
        </td>
        <td
          className="cell btn"
        >
          <input
            onClick={[Function]}
            type="button"
            value="Удалить"
          />
        </td>
      </tr>
      <tr
        className="NewTray"
      >
        <td
          className="cell"
        >
          Сидоров
        </td>
        <td
          className="cell"
        >
          Сидор
        </td>
        <td
          className="cell"
        >
          Сидорович
        </td>
        <td
          className="cell"
        >
          250
        </td>
        <td
          className="cell MobileClientBalanceActive"
        >
          active
        </td>
        <td
          className="cell btn"
        >
          <input
            onClick={[Function]}
            type="button"
            value="Редактировать"
          />
        </td>
        <td
          className="cell btn"
        >
          <input
            onClick={[Function]}
            type="button"
            value="Удалить"
          />
        </td>
      </tr>
      <tr
        className="NewTray"
      >
        <td
          className="cell"
        >
          Петров
        </td>
        <td
          className="cell"
        >
          Пётр
        </td>
        <td
          className="cell"
        >
          Петрович
        </td>
        <td
          className="cell"
        >
          180
        </td>
        <td
          className="cell MobileClientBalanceActive"
        >
          active
        </td>
        <td
          className="cell btn"
        >
          <input
            onClick={[Function]}
            type="button"
            value="Редактировать"
          />
        </td>
        <td
          className="cell btn"
        >
          <input
            onClick={[Function]}
            type="button"
            value="Удалить"
          />
        </td>
      </tr>
    </tbody>
  </table>
  <input
    className="New"
    onClick={[Function]}
    type="button"
    value="Добавить клиента"
  />
</div>
`;

exports[`тестирование фильтрации клиентов в MobileCompany 4`] = `
<div
  className="MobileCompany"
>
  <div
    className="MobileCompanyName"
  >
    Компания «
    »
  </div>
  <input
    onClick={[Function]}
    type="button"
    value="Все"
  />
  <input
    onClick={[Function]}
    type="button"
    value="Активные"
  />
  <input
    onClick={[Function]}
    type="button"
    value="Заблокированные"
  />
  <table
    className="Table"
  >
    <thead
      className=""
    >
      <tr
        className="Head"
      >
        <th
          className="cell"
        >
          Фамилия
        </th>
        <th
          className="cell"
        >
          Имя
        </th>
        <th
          className="cell"
        >
          Отчество
        </th>
        <th
          className="cell"
        >
          Баланс
        </th>
        <th
          className="cell"
        >
          Статус
        </th>
        <th
          className="cell"
        >
          Редактировать
        </th>
        <th
          className="cell"
        >
          Удалить
        </th>
      </tr>
    </thead>
    <tbody
      className="TableBody"
    >
      <tr
        className="NewTray"
      >
        <td
          className="cell"
        >
          Андреев
        </td>
        <td
          className="cell"
        >
          Андрей
        </td>
        <td
          className="cell"
        >
          Андреевич
        </td>
        <td
          className="cell"
        >
          -50
        </td>
        <td
          className="cell MobileClientBalanceBlocked"
        >
          blocked
        </td>
        <td
          className="cell btn"
        >
          <input
            onClick={[Function]}
            type="button"
            value="Редактировать"
          />
        </td>
        <td
          className="cell btn"
        >
          <input
            onClick={[Function]}
            type="button"
            value="Удалить"
          />
        </td>
      </tr>
      <tr
        className="NewTray"
      >
        <td
          className="cell"
        >
          Григорьев
        </td>
        <td
          className="cell"
        >
          Григорий
        </td>
        <td
          className="cell"
        >
          Григорьевич
        </td>
        <td
          className="cell"
        >
          -220
        </td>
        <td
          className="cell MobileClientBalanceBlocked"
        >
          blocked
        </td>
        <td
          className="cell btn"
        >
          <input
            onClick={[Function]}
            type="button"
            value="Редактировать"
          />
        </td>
        <td
          className="cell btn"
        >
          <input
            onClick={[Function]}
            type="button"
            value="Удалить"
          />
        </td>
      </tr>
    </tbody>
  </table>
  <input
    className="New"
    onClick={[Function]}
    type="button"
    value="Добавить клиента"
  />
</div>
`;
